// Jest Snapshot v1, https://goo.gl/fbAQLP

exports[`Context repo return error for context.repo() when repository doesn't exist 1`] = `"context.repo() is not supported for this webhook event."`;
